itsik_z
itsik_z
danycushmaro
danycushmaro
yosi_yehoshua
yosi_yehoshua
kerenmartsiano
kerenmartsiano
nirdvori
nirdvori
tamarishshalom
tamarishshalom
chaimlevinson
chaimlevinson
danaweiss.news
danaweiss.news
kereneubach
kereneubach
eladsimchayoff
eladsimchayoff
talschneider
talschneider
peleguy1
peleguy1
shlomieldar
shlomieldar
talshalev
talshalev
lucyaharish
lucyaharish
asaflib
asaflib
ifatglick
ifatglick
suleimanmas
suleimanmas
ravivdrucker
ravivdrucker
yoav.zehavi
yoav.zehavi
elibitan90
elibitan90
ronen.bergman
ronen.bergman
sivanrahavmeir
sivanrahavmeir
elilevi__
elilevi__
netalishemtov
netalishemtov
menachem.toker
menachem.toker
abu_ali_express_
abu_ali_express_
yaara_zered
yaara_zered
yotzim
yotzim
tzvi_yechezkeli
tzvi_yechezkeli
yinonmagal
yinonmagal
fathinoam
fathinoam
amitsegalnews
amitsegalnews
hanoch.daum
hanoch.daum
sharon_gal
sharon_gal
ivgiz
ivgiz
shaulams
shaulams
navedromi
navedromi
bencaspit5
bencaspit5
daphna_liel
daphna_liel
udisegall
udisegall
daniellerothavneri1
daniellerothavneri1
amalyaduek
amalyaduek
itsik_z
itsik_z
danycushmaro
itsik_z
itsik_z
danycushmaro
danycushmaro
yosi_yehoshua
yosi_yehoshua
kerenmartsiano
kerenmartsiano
nirdvori
nirdvori
tamarishshalom
tamarishshalom
chaimlevinson
chaimlevinson
danaweiss.news
itsik_z
itsik_z
danycushmaro
danycushmaro
yosi_yehoshua
yosi_yehoshua
kerenmartsiano
kerenmartsiano
nirdvori
nirdvori
nirdvori
tamarishshalom
nirdvori
tamarishshalom
itsik_z
danycushmaro
yosi_yehoshua
nirdvori
tamarishshalom
chaimlevinson
danaweiss.news
kerenmartsiano
chaimlevinson
itsik_z
danycushmaro
yosi_yehoshua
kerenmartsiano
nirdvori
tamarishshalom
chaimlevinson
danaweiss.news
kereneubach
eladsimchayoff
talschneider
itsik_z
danycushmaro
yosi_yehoshua
kerenmartsiano
nirdvori
tamarishshalom
chaimlevinson
danaweiss.news
kereneubach
peleguy1
shlomieldar
talshalev
lucyaharish
asaflib
ifatglick
itsik_z
danycushmaro
yosi_yehoshua
kerenmartsiano
nirdvori
tamarishshalom
chaimlevinson
danaweiss.news
kereneubach
eladsimchayoff
talschneider
peleguy1
shlomieldar
talshalev
lucyaharish
asaflib
ifatglick
suleimanmas
ravivdrucker
yoav.zehavi
elibitan90
ronen.bergman
sivanrahavmeir
elilevi__
netalishemtov
menachem.toker
abu_ali_express_
yaara_zered
yotzim
tzvi_yechezkeli
yinonmagal
fathinoam
amitsegalnews
sharon_gal
ivgiz
shaulams
navedromi
bencaspit5
udisegall
daniellerothavneri1
amalyaduek
danycushmaro
yosi_yehoshua
danycushmaro
yosi_yehoshua
kerenmartsiano
itsik_z
danycushmaro
yosi_yehoshua
kerenmartsiano
danycushmaro
yosi_yehoshua
itsik_z
itsik_z
danycushmaro
